/*C4*/SET SCHEMA PUBLIC
DISCONNECT
/*C5*/SET SCHEMA PUBLIC
DISCONNECT
/*C6*/SET SCHEMA PUBLIC
DISCONNECT
/*C7*/SET SCHEMA PUBLIC
DISCONNECT
/*C8*/SET SCHEMA PUBLIC
DISCONNECT
/*C9*/SET SCHEMA PUBLIC
INSERT INTO VEICULO VALUES(23,20,30,1,TRUE)
COMMIT
INSERT INTO VEICULO VALUES(24,5,21,3,FALSE)
COMMIT
DISCONNECT
/*C11*/SET SCHEMA PUBLIC
DELETE FROM VEICULO WHERE MATRICULA=3
INSERT INTO VEICULO VALUES(3,3,31,32,TRUE)
COMMIT
DISCONNECT
/*C10*/SET SCHEMA PUBLIC
DISCONNECT
